C:\Users\v27j1\Downloads\BankingPortal-API-updated\BankingPortal-API\src\main\java\com\webapp\bankingportal\BankingportalApplication.java
C:\Users\v27j1\Downloads\BankingPortal-API-updated\BankingPortal-API\src\main\java\com\webapp\bankingportal\config\CacheConfig.java
C:\Users\v27j1\Downloads\BankingPortal-API-updated\BankingPortal-API\src\main\java\com\webapp\bankingportal\config\CorsConfig.java
C:\Users\v27j1\Downloads\BankingPortal-API-updated\BankingPortal-API\src\main\java\com\webapp\bankingportal\config\KafkaConfig.java
C:\Users\v27j1\Downloads\BankingPortal-API-updated\BankingPortal-API\src\main\java\com\webapp\bankingportal\config\RedisConfig.java
C:\Users\v27j1\Downloads\BankingPortal-API-updated\BankingPortal-API\src\main\java\com\webapp\bankingportal\config\SwaggerConfig.java
C:\Users\v27j1\Downloads\BankingPortal-API-updated\BankingPortal-API\src\main\java\com\webapp\bankingportal\config\WebSecurityConfig.java
C:\Users\v27j1\Downloads\BankingPortal-API-updated\BankingPortal-API\src\main\java\com\webapp\bankingportal\controller\AccountController.java
C:\Users\v27j1\Downloads\BankingPortal-API-updated\BankingPortal-API\src\main\java\com\webapp\bankingportal\controller\AuthController.java
C:\Users\v27j1\Downloads\BankingPortal-API-updated\BankingPortal-API\src\main\java\com\webapp\bankingportal\controller\DashboardController.java
C:\Users\v27j1\Downloads\BankingPortal-API-updated\BankingPortal-API\src\main\java\com\webapp\bankingportal\controller\GlobalExceptionHandler.java
C:\Users\v27j1\Downloads\BankingPortal-API-updated\BankingPortal-API\src\main\java\com\webapp\bankingportal\controller\UserController.java
C:\Users\v27j1\Downloads\BankingPortal-API-updated\BankingPortal-API\src\main\java\com\webapp\bankingportal\dto\AccountResponse.java
C:\Users\v27j1\Downloads\BankingPortal-API-updated\BankingPortal-API\src\main\java\com\webapp\bankingportal\dto\AmountRequest.java
C:\Users\v27j1\Downloads\BankingPortal-API-updated\BankingPortal-API\src\main\java\com\webapp\bankingportal\dto\ErrorResponse.java
C:\Users\v27j1\Downloads\BankingPortal-API-updated\BankingPortal-API\src\main\java\com\webapp\bankingportal\dto\FundTransferRequest.java
C:\Users\v27j1\Downloads\BankingPortal-API-updated\BankingPortal-API\src\main\java\com\webapp\bankingportal\dto\GeolocationResponse.java
C:\Users\v27j1\Downloads\BankingPortal-API-updated\BankingPortal-API\src\main\java\com\webapp\bankingportal\dto\LoginRequest.java
C:\Users\v27j1\Downloads\BankingPortal-API-updated\BankingPortal-API\src\main\java\com\webapp\bankingportal\dto\OtpRequest.java
C:\Users\v27j1\Downloads\BankingPortal-API-updated\BankingPortal-API\src\main\java\com\webapp\bankingportal\dto\OtpVerificationRequest.java
C:\Users\v27j1\Downloads\BankingPortal-API-updated\BankingPortal-API\src\main\java\com\webapp\bankingportal\dto\PinRequest.java
C:\Users\v27j1\Downloads\BankingPortal-API-updated\BankingPortal-API\src\main\java\com\webapp\bankingportal\dto\PinUpdateRequest.java
C:\Users\v27j1\Downloads\BankingPortal-API-updated\BankingPortal-API\src\main\java\com\webapp\bankingportal\dto\ResetPasswordRequest.java
C:\Users\v27j1\Downloads\BankingPortal-API-updated\BankingPortal-API\src\main\java\com\webapp\bankingportal\dto\TransactionDTO.java
C:\Users\v27j1\Downloads\BankingPortal-API-updated\BankingPortal-API\src\main\java\com\webapp\bankingportal\dto\UserResponse.java
C:\Users\v27j1\Downloads\BankingPortal-API-updated\BankingPortal-API\src\main\java\com\webapp\bankingportal\entity\Account.java
C:\Users\v27j1\Downloads\BankingPortal-API-updated\BankingPortal-API\src\main\java\com\webapp\bankingportal\entity\OtpInfo.java
C:\Users\v27j1\Downloads\BankingPortal-API-updated\BankingPortal-API\src\main\java\com\webapp\bankingportal\entity\PasswordResetToken.java
C:\Users\v27j1\Downloads\BankingPortal-API-updated\BankingPortal-API\src\main\java\com\webapp\bankingportal\entity\Token.java
C:\Users\v27j1\Downloads\BankingPortal-API-updated\BankingPortal-API\src\main\java\com\webapp\bankingportal\entity\Transaction.java
C:\Users\v27j1\Downloads\BankingPortal-API-updated\BankingPortal-API\src\main\java\com\webapp\bankingportal\entity\TransactionType.java
C:\Users\v27j1\Downloads\BankingPortal-API-updated\BankingPortal-API\src\main\java\com\webapp\bankingportal\entity\User.java
C:\Users\v27j1\Downloads\BankingPortal-API-updated\BankingPortal-API\src\main\java\com\webapp\bankingportal\event\TransactionEvent.java
C:\Users\v27j1\Downloads\BankingPortal-API-updated\BankingPortal-API\src\main\java\com\webapp\bankingportal\exception\AccountDoesNotExistException.java
C:\Users\v27j1\Downloads\BankingPortal-API-updated\BankingPortal-API\src\main\java\com\webapp\bankingportal\exception\FundTransferException.java
C:\Users\v27j1\Downloads\BankingPortal-API-updated\BankingPortal-API\src\main\java\com\webapp\bankingportal\exception\GeolocationException.java
C:\Users\v27j1\Downloads\BankingPortal-API-updated\BankingPortal-API\src\main\java\com\webapp\bankingportal\exception\InsufficientBalanceException.java
C:\Users\v27j1\Downloads\BankingPortal-API-updated\BankingPortal-API\src\main\java\com\webapp\bankingportal\exception\InvalidAmountException.java
C:\Users\v27j1\Downloads\BankingPortal-API-updated\BankingPortal-API\src\main\java\com\webapp\bankingportal\exception\InvalidOtpException.java
C:\Users\v27j1\Downloads\BankingPortal-API-updated\BankingPortal-API\src\main\java\com\webapp\bankingportal\exception\InvalidPinException.java
C:\Users\v27j1\Downloads\BankingPortal-API-updated\BankingPortal-API\src\main\java\com\webapp\bankingportal\exception\InvalidTokenException.java
C:\Users\v27j1\Downloads\BankingPortal-API-updated\BankingPortal-API\src\main\java\com\webapp\bankingportal\exception\NotFoundException.java
C:\Users\v27j1\Downloads\BankingPortal-API-updated\BankingPortal-API\src\main\java\com\webapp\bankingportal\exception\OtpRetryLimitExceededException.java
C:\Users\v27j1\Downloads\BankingPortal-API-updated\BankingPortal-API\src\main\java\com\webapp\bankingportal\exception\PasswordResetException.java
C:\Users\v27j1\Downloads\BankingPortal-API-updated\BankingPortal-API\src\main\java\com\webapp\bankingportal\exception\UnauthorizedException.java
C:\Users\v27j1\Downloads\BankingPortal-API-updated\BankingPortal-API\src\main\java\com\webapp\bankingportal\exception\UserInvalidException.java
C:\Users\v27j1\Downloads\BankingPortal-API-updated\BankingPortal-API\src\main\java\com\webapp\bankingportal\idempotency\IdempotencyAspect.java
C:\Users\v27j1\Downloads\BankingPortal-API-updated\BankingPortal-API\src\main\java\com\webapp\bankingportal\idempotency\Idempotent.java
C:\Users\v27j1\Downloads\BankingPortal-API-updated\BankingPortal-API\src\main\java\com\webapp\bankingportal\idempotency\IdempotentRecord.java
C:\Users\v27j1\Downloads\BankingPortal-API-updated\BankingPortal-API\src\main\java\com\webapp\bankingportal\logging\RequestTracingFilter.java
C:\Users\v27j1\Downloads\BankingPortal-API-updated\BankingPortal-API\src\main\java\com\webapp\bankingportal\mapper\TransactionMapper.java
C:\Users\v27j1\Downloads\BankingPortal-API-updated\BankingPortal-API\src\main\java\com\webapp\bankingportal\mapper\UserMapper.java
C:\Users\v27j1\Downloads\BankingPortal-API-updated\BankingPortal-API\src\main\java\com\webapp\bankingportal\messaging\TransactionEventConsumer.java
C:\Users\v27j1\Downloads\BankingPortal-API-updated\BankingPortal-API\src\main\java\com\webapp\bankingportal\messaging\TransactionEventProducer.java
C:\Users\v27j1\Downloads\BankingPortal-API-updated\BankingPortal-API\src\main\java\com\webapp\bankingportal\ratelimit\RateLimitFilter.java
C:\Users\v27j1\Downloads\BankingPortal-API-updated\BankingPortal-API\src\main\java\com\webapp\bankingportal\ratelimit\RateLimitProperties.java
C:\Users\v27j1\Downloads\BankingPortal-API-updated\BankingPortal-API\src\main\java\com\webapp\bankingportal\ratelimit\RedisRateLimiter.java
C:\Users\v27j1\Downloads\BankingPortal-API-updated\BankingPortal-API\src\main\java\com\webapp\bankingportal\repository\AccountRepository.java
C:\Users\v27j1\Downloads\BankingPortal-API-updated\BankingPortal-API\src\main\java\com\webapp\bankingportal\repository\OtpInfoRepository.java
C:\Users\v27j1\Downloads\BankingPortal-API-updated\BankingPortal-API\src\main\java\com\webapp\bankingportal\repository\PasswordResetTokenRepository.java
C:\Users\v27j1\Downloads\BankingPortal-API-updated\BankingPortal-API\src\main\java\com\webapp\bankingportal\repository\TokenRepository.java
C:\Users\v27j1\Downloads\BankingPortal-API-updated\BankingPortal-API\src\main\java\com\webapp\bankingportal\repository\TransactionRepository.java
C:\Users\v27j1\Downloads\BankingPortal-API-updated\BankingPortal-API\src\main\java\com\webapp\bankingportal\repository\UserRepository.java
C:\Users\v27j1\Downloads\BankingPortal-API-updated\BankingPortal-API\src\main\java\com\webapp\bankingportal\security\JwtAuthenticationEntryPoint.java
C:\Users\v27j1\Downloads\BankingPortal-API-updated\BankingPortal-API\src\main\java\com\webapp\bankingportal\security\JwtAuthenticationFilter.java
C:\Users\v27j1\Downloads\BankingPortal-API-updated\BankingPortal-API\src\main\java\com\webapp\bankingportal\service\AccountService.java
C:\Users\v27j1\Downloads\BankingPortal-API-updated\BankingPortal-API\src\main\java\com\webapp\bankingportal\service\AccountServiceImpl.java
C:\Users\v27j1\Downloads\BankingPortal-API-updated\BankingPortal-API\src\main\java\com\webapp\bankingportal\service\AuthService.java
C:\Users\v27j1\Downloads\BankingPortal-API-updated\BankingPortal-API\src\main\java\com\webapp\bankingportal\service\AuthServiceImpl.java
C:\Users\v27j1\Downloads\BankingPortal-API-updated\BankingPortal-API\src\main\java\com\webapp\bankingportal\service\CacheService.java
C:\Users\v27j1\Downloads\BankingPortal-API-updated\BankingPortal-API\src\main\java\com\webapp\bankingportal\service\CacheServiceImpl.java
C:\Users\v27j1\Downloads\BankingPortal-API-updated\BankingPortal-API\src\main\java\com\webapp\bankingportal\service\DashboardService.java
C:\Users\v27j1\Downloads\BankingPortal-API-updated\BankingPortal-API\src\main\java\com\webapp\bankingportal\service\DashboardServiceImpl.java
C:\Users\v27j1\Downloads\BankingPortal-API-updated\BankingPortal-API\src\main\java\com\webapp\bankingportal\service\EmailService.java
C:\Users\v27j1\Downloads\BankingPortal-API-updated\BankingPortal-API\src\main\java\com\webapp\bankingportal\service\EmailServiceImpl.java
C:\Users\v27j1\Downloads\BankingPortal-API-updated\BankingPortal-API\src\main\java\com\webapp\bankingportal\service\GeolocationService.java
C:\Users\v27j1\Downloads\BankingPortal-API-updated\BankingPortal-API\src\main\java\com\webapp\bankingportal\service\GeolocationServiceImpl.java
C:\Users\v27j1\Downloads\BankingPortal-API-updated\BankingPortal-API\src\main\java\com\webapp\bankingportal\service\OtpService.java
C:\Users\v27j1\Downloads\BankingPortal-API-updated\BankingPortal-API\src\main\java\com\webapp\bankingportal\service\OtpServiceImpl.java
C:\Users\v27j1\Downloads\BankingPortal-API-updated\BankingPortal-API\src\main\java\com\webapp\bankingportal\service\TokenService.java
C:\Users\v27j1\Downloads\BankingPortal-API-updated\BankingPortal-API\src\main\java\com\webapp\bankingportal\service\TokenServiceImpl.java
C:\Users\v27j1\Downloads\BankingPortal-API-updated\BankingPortal-API\src\main\java\com\webapp\bankingportal\service\TransactionService.java
C:\Users\v27j1\Downloads\BankingPortal-API-updated\BankingPortal-API\src\main\java\com\webapp\bankingportal\service\TransactionServiceImpl.java
C:\Users\v27j1\Downloads\BankingPortal-API-updated\BankingPortal-API\src\main\java\com\webapp\bankingportal\service\UserService.java
C:\Users\v27j1\Downloads\BankingPortal-API-updated\BankingPortal-API\src\main\java\com\webapp\bankingportal\service\UserServiceImpl.java
C:\Users\v27j1\Downloads\BankingPortal-API-updated\BankingPortal-API\src\main\java\com\webapp\bankingportal\type\CacheKeyType.java
C:\Users\v27j1\Downloads\BankingPortal-API-updated\BankingPortal-API\src\main\java\com\webapp\bankingportal\type\CacheValueType.java
C:\Users\v27j1\Downloads\BankingPortal-API-updated\BankingPortal-API\src\main\java\com\webapp\bankingportal\util\ApiMessages.java
C:\Users\v27j1\Downloads\BankingPortal-API-updated\BankingPortal-API\src\main\java\com\webapp\bankingportal\util\JsonUtil.java
C:\Users\v27j1\Downloads\BankingPortal-API-updated\BankingPortal-API\src\main\java\com\webapp\bankingportal\util\LoggedinUser.java
C:\Users\v27j1\Downloads\BankingPortal-API-updated\BankingPortal-API\src\main\java\com\webapp\bankingportal\util\ValidationUtil.java
