C:\Users\v27j1\Downloads\BankingPortal-API-updated\BankingPortal-API\src\test\java\com\webapp\bankingportal\AccountControllerTests.java
C:\Users\v27j1\Downloads\BankingPortal-API-updated\BankingPortal-API\src\test\java\com\webapp\bankingportal\AccountServiceTests.java
C:\Users\v27j1\Downloads\BankingPortal-API-updated\BankingPortal-API\src\test\java\com\webapp\bankingportal\BaseTest.java
C:\Users\v27j1\Downloads\BankingPortal-API-updated\BankingPortal-API\src\test\java\com\webapp\bankingportal\CacheServiceTests.java
C:\Users\v27j1\Downloads\BankingPortal-API-updated\BankingPortal-API\src\test\java\com\webapp\bankingportal\DashboardControllerTests.java
C:\Users\v27j1\Downloads\BankingPortal-API-updated\BankingPortal-API\src\test\java\com\webapp\bankingportal\DashboardServiceTests.java
C:\Users\v27j1\Downloads\BankingPortal-API-updated\BankingPortal-API\src\test\java\com\webapp\bankingportal\GlobalExceptionHandlerTest.java
C:\Users\v27j1\Downloads\BankingPortal-API-updated\BankingPortal-API\src\test\java\com\webapp\bankingportal\GreenMailJavaMailSender.java
C:\Users\v27j1\Downloads\BankingPortal-API-updated\BankingPortal-API\src\test\java\com\webapp\bankingportal\IdempotencyAspectTests.java
C:\Users\v27j1\Downloads\BankingPortal-API-updated\BankingPortal-API\src\test\java\com\webapp\bankingportal\RateLimitFilterTests.java
C:\Users\v27j1\Downloads\BankingPortal-API-updated\BankingPortal-API\src\test\java\com\webapp\bankingportal\TestConfig.java
C:\Users\v27j1\Downloads\BankingPortal-API-updated\BankingPortal-API\src\test\java\com\webapp\bankingportal\TokenServiceTests.java
C:\Users\v27j1\Downloads\BankingPortal-API-updated\BankingPortal-API\src\test\java\com\webapp\bankingportal\TransactionEventConsumerTests.java
C:\Users\v27j1\Downloads\BankingPortal-API-updated\BankingPortal-API\src\test\java\com\webapp\bankingportal\TransactionEventProducerTests.java
C:\Users\v27j1\Downloads\BankingPortal-API-updated\BankingPortal-API\src\test\java\com\webapp\bankingportal\UserControllerTests.java
